Level 0 --> Level 1

$ ssh leviathan0@leviathan.labs.overthewire.org -p 2223
// password: leviathan0
leviathan0@leviathan:~$ ls -a
.  ..  .backup  .bash_logout  .bashrc  .profile
leviathan0@leviathan:~$ cd .backup/
leviathan0@leviathan:~/.backup$ ls
bookmarks.html
leviathan0@leviathan:~/.backup$ cat bookmarks.html | grep leviathan0
leviathan0@leviathan:~/.backup$ cat bookmarks.html | grep leviathan
<DT><A HREF="http://leviathan.labs.overthewire.org/passwordus.html | This will be fixed later, the password for leviathan1 is rioGegei8m" ADD_DATE="1155384634" LAST_CHARSET="ISO-8859-1" ID="rdf:#$2wIU71">password to leviathan1</A>
// => password for leviathan1 is rioGegei8m

Level 1 --> Level 2

$ ssh leviathan1@leviathan.labs.overthewire.org -p 2223
// password: rioGegei8m
leviathan1@leviathan:~$ ls
check
leviathan1@leviathan:~$ file check 
check: setuid ELF 32-bit LSB executable, Intel 80386, version 1 (SYSV), dynamically linked, interpreter /lib/ld-linux.so.2, for GNU/Linux 2.6.32, BuildID[sha1]=c735f6f3a3a94adcad8407cc0fda40496fd765dd, not stripped
leviathan1@leviathan:~$ ./check 
password: rioGegei8m
Wrong password, Good Bye ...
leviathan1@leviathan:~$ ltrace ./check 
__libc_start_main(0x804853b, 1, 0xffffd6d4, 0x8048610 <unfinished ...>
printf("password: ")                             = 10
getchar(1, 0, 0x65766f6c, 0x646f6700password: rioGegei8m
)            = 114
getchar(1, 0, 0x65766f6c, 0x646f6700)            = 105
getchar(1, 0, 0x65766f6c, 0x646f6700)            = 111
strcmp("rio", "sex")                             = -1
puts("Wrong password, Good Bye ..."Wrong password, Good Bye ...
)             = 29
+++ exited (status 0) +++
leviathan1@leviathan:~$ ltrace ./check 
__libc_start_main(0x804853b, 1, 0xffffd6d4, 0x8048610 <unfinished ...>
printf("password: ")                             = 10
getchar(1, 0, 0x65766f6c, 0x646f6700password: cuong
)            = 99
getchar(1, 0, 0x65766f6c, 0x646f6700)            = 117
getchar(1, 0, 0x65766f6c, 0x646f6700)            = 111
strcmp("cuo", "sex")                             = -1
puts("Wrong password, Good Bye ..."Wrong password, Good Bye ...
)             = 29
+++ exited (status 0) +++
leviathan1@leviathan:~$ ltrace ./check 
__libc_start_main(0x804853b, 1, 0xffffd6d4, 0x8048610 <unfinished ...>
printf("password: ")                             = 10
getchar(1, 0, 0x65766f6c, 0x646f6700password: sex
)            = 115
getchar(1, 0, 0x65766f6c, 0x646f6700)            = 101
getchar(1, 0, 0x65766f6c, 0x646f6700)            = 120
strcmp("sex", "sex")                             = 0
geteuid()                                        = 12001
geteuid()                                        = 12001
setreuid(12001, 12001)                           = 0
system("/bin/sh"$ whoami
leviathan1
$ bash   		
leviathan1@leviathan:~$ cat /etc/leviathan_pass/leviathan2
cat: /etc/leviathan_pass/leviathan2: Permission denied
leviathan1@leviathan:~$ exit
$ 
 <no return ...>
--- SIGCHLD (Child exited) ---
<... system resumed> )                           = 256
+++ exited (status 0) +++
leviathan1@leviathan:~$ ./check sex
password: sex
$ whiami
/bin/sh: 1: whiami: not found
$ whoami
leviathan2
$ bash
leviathan2@leviathan:~$ cat /etc/leviathan_pass/leviathan2
ougahZi8Ta
// => password for leviathan2 is ougahZi8Ta

Level 2 --> Level 3

$ ssh leviathan2@leviathan.labs.overthewire.org -p 2223
// password: ougahZi8Ta

